// Jest Snapshot v1, https://goo.gl/fbAQLP

exports[`template tests execution tests show our control block is built correctly 1`] = `" 00000000 00000000 00000000 00000000                                          *................                *"`;
